  Camera.cpp
\Common\Camera.cpp(1,1): error C1083: Cannot open source file: '..\..\Common\Camera.cpp': No such file or directory
  (compiling source file '/Common/Camera.cpp')
  
  d3dApp.cpp
\Common\d3dApp.cpp(1,1): error C1083: Cannot open source file: '..\..\Common\d3dApp.cpp': No such file or directory
  (compiling source file '/Common/d3dApp.cpp')
  
  d3dUtil.cpp
\Common\d3dUtil.cpp(1,1): error C1083: Cannot open source file: '..\..\Common\d3dUtil.cpp': No such file or directory
  (compiling source file '/Common/d3dUtil.cpp')
  
  DDSTextureLoader.cpp
\Common\DDSTextureLoader.cpp(1,1): error C1083: Cannot open source file: '..\..\Common\DDSTextureLoader.cpp': No such file or directory
  (compiling source file '/Common/DDSTextureLoader.cpp')
  
  GameTimer.cpp
\Common\GameTimer.cpp(1,1): error C1083: Cannot open source file: '..\..\Common\GameTimer.cpp': No such file or directory
  (compiling source file '/Common/GameTimer.cpp')
  
  GeometryGenerator.cpp
\Common\GeometryGenerator.cpp(1,1): error C1083: Cannot open source file: '..\..\Common\GeometryGenerator.cpp': No such file or directory
  (compiling source file '/Common/GeometryGenerator.cpp')
  
  MathHelper.cpp
\Common\MathHelper.cpp(1,1): error C1083: Cannot open source file: '..\..\Common\MathHelper.cpp': No such file or directory
  (compiling source file '/Common/MathHelper.cpp')
  
  FrameResource.cpp
C:\Hooman\GBC\GAME3015\GameEngineDevelopment2\Week9\InitializeDirect3D\FrameResource.h(3,10): error C1083: Cannot open include file: '../../Common/d3dUtil.h': No such file or directory
  (compiling source file 'FrameResource.cpp')
  
  LoadM3d.cpp
C:\Hooman\GBC\GAME3015\GameEngineDevelopment2\Week9\InitializeDirect3D\SkinnedData.h(4,10): error C1083: Cannot open include file: '../../Common/d3dUtil.h': No such file or directory
  (compiling source file 'LoadM3d.cpp')
  
  ShadowMap.cpp
C:\Hooman\GBC\GAME3015\GameEngineDevelopment2\Week9\InitializeDirect3D\ShadowMap.h(7,10): error C1083: Cannot open include file: '../../Common/d3dUtil.h': No such file or directory
  (compiling source file 'ShadowMap.cpp')
  
  SkinnedData.cpp
C:\Hooman\GBC\GAME3015\GameEngineDevelopment2\Week9\InitializeDirect3D\SkinnedData.h(4,10): error C1083: Cannot open include file: '../../Common/d3dUtil.h': No such file or directory
  (compiling source file 'SkinnedData.cpp')
  
  SkinnedMeshApp.cpp
C:\Hooman\GBC\GAME3015\GameEngineDevelopment2\Week9\InitializeDirect3D\SkinnedMeshApp.cpp(5,10): error C1083: Cannot open include file: '../../Common/d3dApp.h': No such file or directory
  Ssao.cpp
C:\Hooman\GBC\GAME3015\GameEngineDevelopment2\Week9\InitializeDirect3D\Ssao.h(10,10): error C1083: Cannot open include file: '../../Common/d3dUtil.h': No such file or directory
  (compiling source file 'Ssao.cpp')
  
  Generating Code...
